Script started on Fri 17 Apr 2015 09:59:33 PM PDT
~
dchou002@hammer $ cs[Ks1--[K[K00
[0;91m
===============================================================================
|                                                                             |
| You have enabled settings specific for cs100.  Everything you do is being   |
| recorded to measure your progress in the class.                             |
|                                                                             |
| Important commands for the class:                                           |
|   * calcgrade.sh          displays a detailed breakdown of your grade       |
|   * typespeed             practice typing unix commands                     |
|                                                                             |
| Important commands for general C++ programming:                             |
|   * make                  don't call g++ manually; let make do the work!    |
|   * gdb                   the GNU debugger                                  |
|   * valgrind              get rid of your memory leaks                      |
|   * cppcheck              static analysis tool                              |
|   * man                   find help about any syscall / terminal command    |
|                                                                             |
===============================================================================
[0m
[s%%%%%%%%%%[u[0;32mdchou002[0;36m@[0;32mcs100[0;36m:[0;32m~[0;95m [0;36m$[0m cd CS100/rshell/
[s%%%%%%%%%%[u[0;32mdchou002[0;36m@[0;32mcs100[0;36m:[0;32m~/CS100/rshell[0;95m (master) [0;36m$[0m ls
exec.script  LICENSE  Makefile	README.md  src	tests
[s%%%%%%%%%%[u[0;32mdchou002[0;36m@[0;32mcs100[0;36m:[0;32m~/CS100/rshell[0;95m (master) [0;36m$[0m make #this should make the bin folder
mkdir -p bin
g++  -ansi -pedantic -Wall -Werror src/main.cpp -o bin/rshell
[s%%%%%%%%%%[u[0;32mdchou002[0;36m@[0;32mcs100[0;36m:[0;32m~/CS100/rshell[0;95m (master) [0;36m$[0m ls
bin  exec.script  LICENSE  Makefile  README.md	src  tests
[s%%%%%%%%%%[u[0;32mdchou002[0;36m@[0;32mcs100[0;36m:[0;32m~/CS100/rshell[0;95m (master) [0;36m$[0m [K[s%%%%%%%%%%[u[0;32mdchou002[0;36m@[0;32mcs100[0;36m:[0;32m~/CS100/rshell[0;95m (master) [0;36m$[0m [K[s%%%%%%%%%%[u[0;32mdchou002[0;36m@[0;32mcs100[0;36m:[0;32m~/CS100/rshell[0;95m (master) [0;36m$[0m ls [K[K[Kbin/rshell 
dchou002@hammer $ ps
  PID TTY          TIME CMD
13500 pts/85   00:00:00 bash
16152 pts/85   00:00:00 rshell
16154 pts/85   00:00:00 ps
dchou002@hammer $ ls
bin  exec.script  LICENSE  Makefile  README.md	src  tests
dchou002@hammer $ ls -a 
.  ..  bin  exec.script  .git  LICENSE	Makefile  README.md  src  tests
dchou002@hammer $ asdf 
execvp: No such file or directory
dchou002@hammer $ ls -a -b -c d-    -d -g -h -m -n -l -s -r -t
4.0K drwx------ 6 507 4.0K Apr 17 21:55 .
dchou002@hammer $ bin/rshell
dchou002@hammer $ ps
  PID TTY          TIME CMD
13500 pts/85   00:00:00 bash
16152 pts/85   00:00:00 rshell
16338 pts/85   00:00:00 rshell
16339 pts/85   00:00:00 ps
dchou002@hammer $ bin/rshell
dchou002@hammer $ ps
  PID TTY          TIME CMD
13500 pts/85   00:00:00 bash
16152 pts/85   00:00:00 rshell
16338 pts/85   00:00:00 rshell
16359 pts/85   00:00:00 rshell
16360 pts/85   00:00:00 ps
dchou002@hammer $ @ #this shows that therer  are multiple rshells running inside eah chother        other 
dchou002@hammer $ ls a &&  && ls -a
bin  exec.script  LICENSE  Makefile  README.md	src  tests
.  ..  bin  exec.script  .git  LICENSE	Makefile  README.md  src  tests
dchou002@hammer $ ps #you can even run commands on those other rshells 
  PID TTY          TIME CMD
13500 pts/85   00:00:00 bash
16152 pts/85   00:00:00 rshell
16338 pts/85   00:00:00 rshell
16359 pts/85   00:00:00 rshell
16508 pts/85   00:00:00 ps
dchou002@hammer $ eix  xit
dchou002@hammer $ ps
  PID TTY          TIME CMD
13500 pts/85   00:00:00 bash
16152 pts/85   00:00:00 rshell
16338 pts/85   00:00:00 rshell
16509 pts/85   00:00:00 ps
dchou002@hammer $ exit ; ps 
dchou002@hammer $ ps
  PID TTY          TIME CMD
13500 pts/85   00:00:00 bash
16152 pts/85   00:00:00 rshell
16525 pts/85   00:00:00 ps
dchou002@hammer $              ls          -a              -l
total 52
drwx------ 6 dchou002 classes  4096 Apr 17 21:55 .
drwx------ 5 dchou002 classes  4096 Apr 16 01:59 ..
drwx------ 2 dchou002 classes  4096 Apr 17 21:55 bin
-rw------- 1 dchou002 classes     0 Apr 17 21:53 exec.script
drwx------ 8 dchou002 classes  4096 Apr 17 20:53 .git
-rw------- 1 dchou002 classes 18047 Apr  8 15:37 LICENSE
-rw------- 1 dchou002 classes   197 Apr 16 21:29 Makefile
-rw------- 1 dchou002 classes  1028 Apr 17 20:32 README.md
drwx------ 2 dchou002 classes  4096 Apr 17 19:28 src
drwx------ 2 dchou002 classes  4096 Apr 17 21:32 tests
dchou002@hammer $ ls && ls -a 
bin  exec.script  LICENSE  Makefile  README.md	src  tests
.  ..  bin  exec.script  .git  LICENSE	Makefile  README.md  src  tests
dchou002@hammer $ ls || ls
bin  exec.script  LICENSE  Makefile  README.md	src  tests
dchou002@hammer $ ls || ls a -a
bin  exec.script  LICENSE  Makefile  README.md	src  tests
dchou002@hammer $ asdf || ls 
execvp: No such file or directory
bin  exec.script  LICENSE  Makefile  README.md	src  tests
dchou002@hammer $ ls || asdf 
bin  exec.script  LICENSE  Makefile  README.md	src  tests
dchou002@hammer $ ls && asdf
bin  exec.script  LICENSE  Makefile  README.md	src  tests
execvp: No such file or directory
dchou002@hammer $ adf && ls
execvp: No such file or directory
execvp: No such file or directory
dchou002@hammer $ asdf  && adf 
execvp: No such file or directory
execvp: No such file or directory
dchou002@hammer $ ls ; asdf 
bin  exec.script  LICENSE  Makefile  README.md	src  tests
execvp: No such file or directory
dchou002@hammer $ asdf ; ls
execvp: No such file or directory
bin  exec.script  LICENSE  Makefile  README.md	src  tests
dchou002@hammer $ ls || ls-a   -a && echo works       pwd; ls -a && echo    ls -t   -a ;     ||             adsf || echo    pw  ls -a -l t    t -t  ; echo hello
bin  exec.script  LICENSE  Makefile  README.md	src  tests
pwd
.  ..  bin  exec.script  .git  LICENSE	Makefile  README.md  src  tests
execvp: No such file or directory
bin  .	exec.script  tests  .git  README.md  src  Makefile  ..	LICENSE
hello
dchou002@hammer $ ls || asdf && this work         pwd
bin  exec.script  LICENSE  Makefile  README.md	src  tests
/class/classes/dchou002/CS100/rshell
dchou002@hammer $ adf || ls && echo works
execvp: No such file or directory
bin  exec.script  LICENSE  Makefile  README.md	src  tests
works
dchou002@hammer $ ls -a || && ls 
.  ..  bin  exec.script  .git  LICENSE	Makefile  README.md  src  tests
bin  exec.script  LICENSE  Makefile  README.md	src  tests
dchou002@hammer $ ls    asdf ||       ls && || ls -a
bin  exec.script  LICENSE  Makefile  README.md	src  tests
.  ..  bin  exec.script  .git  LICENSE	Makefile  README.md  src  tests
dchou002@hammer $ ls || && ls -a
bin  exec.script  LICENSE  Makefile  README.md	src  tests
.   bin		 .git	  Makefile   src
..  exec.script  LICENSE  README.md  tests
dchou002@hammer $ asdf || && ls -a
execvp: No such file or directory
execvp: No such file or directory
dchou002@hammer $ ls && || ls -a
bin  exec.script  LICENSE  Makefile  README.md	src  tests
.   bin		 .git	  Makefile   src
..  exec.script  LICENSE  README.md  tests
dchou002@hammer $ ls ; && ls -a 
bin  exec.script  LICENSE  Makefile  README.md	src  tests
execvp: No such file or directory
dchou002@hammer $ ls & ls -a
bin  exec.script  LICENSE  Makefile  README.md	src  tests
.   bin		 .git	  Makefile   src
..  exec.script  LICENSE  README.md  tests
dchou002@hammer $ ls ;;;;;;;;           ls||asdf
bin  exec.script  LICENSE  Makefile  README.md	src  tests
dchou002@hammer $ asdf||ls
execvp: No such file or directory
bin  exec.script  LICENSE  Makefile  README.md	src  tests
dchou002@hammer $ ls&&ls  pwd
bin  exec.script  LICENSE  Makefile  README.md	src  tests
/class/classes/dchou002/CS100/rshell
dchou002@hammer $ pwd   adfa&&pwd
execvp: No such file or directory
execvp: No such file or directory
dchou002@hammer $ a pwd* &&ls
/class/classes/dchou002/CS100/rshell
bin  exec.script  LICENSE  Makefile  README.md	src  tests
dchou002@hammer $ exit
[s%%%%%%%%%%[u[0;32mdchou002[0;36m@[0;32mcs100[0;36m:[0;32m~/CS100/rshell[0;95m (master) [0;36m$[0m bin/rshell 
dchou002@hammer $ exit;  -l
[s%%%%%%%%%%[u[0;32mdchou002[0;36m@[0;32mcs100[0;36m:[0;32m~/CS100/rshell[0;95m (master) [0;36m$[0m bin/rshell 
dchou002@hammer $ exit ; rshel     ls 
[s%%%%%%%%%%[u[0;32mdchou002[0;36m@[0;32mcs100[0;36m:[0;32m~/CS100/rshell[0;95m (master) [0;36m$[0m bin.[K/rshell [K[K[K[K[K[K[K[K[K[K[Kbin/rshell 
dchou002@hammer $ ls - l    l exit
ls: cannot access exit: No such file or directory
dchou002@hammer $ ; ls - l      ls    ls && ls -a a exit #doesnt     not exit because it is ap  passed as an argument             parameter
bin  exec.script  LICENSE  Makefile  README.md	src  tests
ls: cannot access exit: No such file or directory
dchou002@hammer $ ls   -l;exit       ; exit
total 40
drwx------ 2 dchou002 classes  4096 Apr 17 21:55 bin
-rw------- 1 dchou002 classes     0 Apr 17 21:53 exec.script
-rw------- 1 dchou002 classes 18047 Apr  8 15:37 LICENSE
-rw------- 1 dchou002 classes   197 Apr 16 21:29 Makefile
-rw------- 1 dchou002 classes  1028 Apr 17 20:32 README.md
drwx------ 2 dchou002 classes  4096 Apr 17 19:28 src
drwx------ 2 dchou002 classes  4096 Apr 17 21:32 tests
[s%%%%%%%%%%[u[0;32mdchou002[0;36m@[0;32mcs100[0;36m:[0;32m~/CS100/rshell[0;95m (master) [0;36m$[0m ls[K[Kbin/rshell 
dchou002@hammer $ ls -l # as you can see the comments do not affect anything
total 40
drwx------ 2 dchou002 classes  4096 Apr 17 21:55 bin
-rw------- 1 dchou002 classes     0 Apr 17 21:53 exec.script
-rw------- 1 dchou002 classes 18047 Apr  8 15:37 LICENSE
-rw------- 1 dchou002 classes   197 Apr 16 21:29 Makefile
-rw------- 1 dchou002 classes  1028 Apr 17 20:32 README.md
drwx------ 2 dchou002 classes  4096 Apr 17 19:28 src
drwx------ 2 dchou002 classes  4096 Apr 17 21:32 tests
dchou002@hammer $ % # #comment by           comment by itself 
dchou002@hammer $ ls -l#comments!!!!
total 40
drwx------ 2 dchou002 classes  4096 Apr 17 21:55 bin
-rw------- 1 dchou002 classes     0 Apr 17 21:53 exec.script
-rw------- 1 dchou002 classes 18047 Apr  8 15:37 LICENSE
-rw------- 1 dchou002 classes   197 Apr 16 21:29 Makefile
-rw------- 1 dchou002 classes  1028 Apr 17 20:32 README.md
drwx------ 2 dchou002 classes  4096 Apr 17 19:28 src
drwx------ 2 dchou002 classes  4096 Apr 17 21:32 tests
dchou002@hammer $ ls -a     ps#   ls -a  #there       #as you can se no   e no binary files
.   bin		 .git	  Makefile   src
..  exec.script  LICENSE  README.md  tests
dchou002@hammer $ ls || ls -a && ls ; ls || l  pw   pwd && ls -l ; ps ; echo this works  ; bin/rshell & 
bin  exec.script  LICENSE  Makefile  README.md	src  tests
bin  exec.script  LICENSE  Makefile  README.md	src  tests
bin  exec.script  LICENSE  Makefile  README.md	src  tests
total 40
drwx------ 2 dchou002 classes  4096 Apr 17 21:55 bin
-rw------- 1 dchou002 classes     0 Apr 17 21:53 exec.script
-rw------- 1 dchou002 classes 18047 Apr  8 15:37 LICENSE
-rw------- 1 dchou002 classes   197 Apr 16 21:29 Makefile
-rw------- 1 dchou002 classes  1028 Apr 17 20:32 README.md
drwx------ 2 dchou002 classes  4096 Apr 17 19:28 src
drwx------ 2 dchou002 classes  4096 Apr 17 21:32 tests
  PID TTY          TIME CMD
13500 pts/85   00:00:00 bash
29522 pts/85   00:00:00 rshell
30112 pts/85   00:00:00 ps
this works
dchou002@hammer $ cpp   exit
dchou002@hammer $ ps
  PID TTY          TIME CMD
13500 pts/85   00:00:00 bash
29522 pts/85   00:00:00 rshell
30375 pts/85   00:00:00 ps
dchou002@hammer $ exit
[s%%%%%%%%%%[u[0;32mdchou002[0;36m@[0;32mcs100[0;36m:[0;32m~/CS100/rshell[0;95m (master) [0;36m$[0m cppcheck vim[K[K[Ksrc/main.cpp 
Checking src/main.cpp...
[s%%%%%%%%%%[u[0;32mdchou002[0;36m@[0;32mcs100[0;36m:[0;32m~/CS100/rshell[0;95m (master) [0;36m$[0m exit
exit
~
dchou002@hammer $ exit
exit

Script done on Fri 17 Apr 2015 10:25:53 PM PDT
